
> ride-destinations@1.0.0 enrich
> node scripts/enrich-locations.js

Processing 1/638: Annanagar view point
Unable to resolve location: Annanagar view point
Processing 2/638: Malaikottai
Unable to resolve location: Malaikottai
Processing 3/638: Sri Ranganatha Swamy Temple
Unable to resolve location: Sri Ranganatha Swamy Temple
Processing 4/638: Kallanai Dam
Unable to resolve location: Kallanai Dam
Processing 5/638: Thanjavur Maratha Palace
Unable to resolve location: Thanjavur Maratha Palace
Processing 6/638: Royal Palace Museum
Unable to resolve location: Royal Palace Museum
Processing 7/638: Sri Dari Mutturayaswami Temple
Unable to resolve location: Sri Dari Mutturayaswami Temple
Processing 8/638: Strell mukku
Unable to resolve location: Strell mukku
Processing 9/638: Sirimane Falls
Unable to resolve location: Sirimane Falls
Processing 10/638: 12°28'21.1"N 78°15'49.1"E
Parsed coordinates from name: 12°28'21.1"N 78°15'49.1"E => 12.4725, 78.2636
Unable to resolve location: 12°28'21.1"N 78°15'49.1"E
Processing 11/638: Mallappakonda Hills Viewpoint
Unable to resolve location: Mallappakonda Hills Viewpoint
Processing 12/638: Kadambi Falls
Unable to resolve location: Kadambi Falls
Processing 13/638: Kelagur Estate
Unable to resolve location: Kelagur Estate
Processing 14/638: Sadahalli Granite Quarry
Unable to resolve location: Sadahalli Granite Quarry
Processing 15/638: Dropped pin
Skipping row 15: invalid or placeholder name.
Processing 16/638: Shri Narasimhaswamy Betta
Unable to resolve location: Shri Narasimhaswamy Betta
Processing 17/638: Pettimudi view point
Unable to resolve location: Pettimudi view point
Processing 18/638: Tea Museum
Unable to resolve location: Tea Museum
Processing 19/638: ST Nayamakad View Point
Unable to resolve location: ST Nayamakad View Point
Processing 20/638: Peelikkunnu View Point
Unable to resolve location: Peelikkunnu View Point
Processing 21/638: Thekkady trekking
Unable to resolve location: Thekkady trekking
Processing 22/638: Tea plantation View point
Unable to resolve location: Tea plantation View point
Processing 23/638: Pettimudi Hill Top
Unable to resolve location: Pettimudi Hill Top
Processing 24/638: Rani Beach
Unable to resolve location: Rani Beach
Processing 25/638: Pearl Harbor
Unable to resolve location: Pearl Harbor
Processing 26/638: Periyar National Park Ticket Office
Unable to resolve location: Periyar National Park Ticket Office
Processing 27/638: Naalumala starting point
Unable to resolve location: Naalumala starting point
Processing 28/638: Purdal Dam
Unable to resolve location: Purdal Dam
Processing 29/638: Ghatikallu View point
Unable to resolve location: Ghatikallu View point
Processing 30/638: Maidaadi Sunset Viewpoint
Unable to resolve location: Maidaadi Sunset Viewpoint
Processing 31/638: Maidaadi Gudda - Kanive Viewpoint Dakshina Kannada
Unable to resolve location: Maidaadi Gudda - Kanive Viewpoint Dakshina Kannada
Processing 32/638: Kyatanamakki Hill Station
Unable to resolve location: Kyatanamakki Hill Station
Processing 33/638: Rani Jhari Edge Point
Unable to resolve location: Rani Jhari Edge Point
Processing 34/638: Rani Jhari View Point
Unable to resolve location: Rani Jhari View Point
Processing 35/638: Elanneru Falls
Unable to resolve location: Elanneru Falls
Processing 36/638: Tea Estate, Samse
Unable to resolve location: Tea Estate, Samse
Processing 37/638: Tadiandamol
Unable to resolve location: Tadiandamol
Processing 38/638: Savalanga Windmill
Unable to resolve location: Savalanga Windmill
Processing 39/638: Urumbikkara Top Point
Unable to resolve location: Urumbikkara Top Point
Processing 40/638: Door of Heaven
Unable to resolve location: Door of Heaven
Processing 41/638: Bettahalli Shri Lakshminarasimha Swamy Temple
Unable to resolve location: Bettahalli Shri Lakshminarasimha Swamy Temple
Processing 42/638: Puliyarasi Hill Top
Unable to resolve location: Puliyarasi Hill Top
Processing 43/638: Madhugiri Betta
Unable to resolve location: Madhugiri Betta
Processing 44/638: Amruthahalli Dam
Unable to resolve location: Amruthahalli Dam
Processing 45/638: Yercaud Foot Hills
Unable to resolve location: Yercaud Foot Hills
Processing 46/638: Umiam Lake
Unable to resolve location: Umiam Lake
Processing 47/638: Devarayanadurga Peak Viewpoint
Unable to resolve location: Devarayanadurga Peak Viewpoint
Processing 48/638: Devasthanada Kola
Unable to resolve location: Devasthanada Kola
Processing 49/638: Old Watch Tower Viewpoint
Unable to resolve location: Old Watch Tower Viewpoint
Processing 50/638: Devarayanadurga Sunset View Rock Cliff
Unable to resolve location: Devarayanadurga Sunset View Rock Cliff
Processing 51/638: Queen viewpoint
Unable to resolve location: Queen viewpoint
Processing 52/638: Queen Viewpoint
Unable to resolve location: Queen Viewpoint
Processing 53/638: Devarayanadurga Lake Viewpoint
Unable to resolve location: Devarayanadurga Lake Viewpoint
Processing 54/638: Mysuru Palace
Unable to resolve location: Mysuru Palace
Processing 55/638: SRS Hills
Unable to resolve location: SRS Hills
Processing 56/638: Markandeshwara Betta
Unable to resolve location: Markandeshwara Betta
Processing 57/638: Shri Krishnagiri Betta,Channapatna
Unable to resolve location: Shri Krishnagiri Betta,Channapatna
Processing 58/638: Shri Shri Nakoda Avanti 108 Parshwanath Jain Tirth Dham
Unable to resolve location: Shri Shri Nakoda Avanti 108 Parshwanath Jain Tirth Dham
Processing 59/638: Shri Someshwara Swamy Temple (Kolar).
Unable to resolve location: Shri Someshwara Swamy Temple (Kolar).
Processing 60/638: Nandi Betta Sunset Viewpoint 🌄
Unable to resolve location: Nandi Betta Sunset Viewpoint 🌄
Processing 61/638: Mavathur Dam
Unable to resolve location: Mavathur Dam
Processing 62/638: Yedamuri Falls
Unable to resolve location: Yedamuri Falls
Processing 63/638: Mydala Lake Falls
Unable to resolve location: Mydala Lake Falls
Processing 64/638: BettaKote Lake
Unable to resolve location: BettaKote Lake
Processing 65/638: Gedee Car Museum
Unable to resolve location: Gedee Car Museum
Processing 66/638: Varkala Beach
Unable to resolve location: Varkala Beach
Processing 67/638: Varkala cliff
Unable to resolve location: Varkala cliff
Processing 68/638: Chinnamanur
Unable to resolve location: Chinnamanur
Processing 69/638: Mudumalai
Unable to resolve location: Mudumalai
Processing 70/638: Nathageri Hanging Bridge
Unable to resolve location: Nathageri Hanging Bridge
Processing 71/638: Kanva Backwaters
Unable to resolve location: Kanva Backwaters
Processing 72/638: Kanthanpara Waterfalls
Unable to resolve location: Kanthanpara Waterfalls
Processing 73/638: Thirunelli Sree Maha Vishnu Temple
Unable to resolve location: Thirunelli Sree Maha Vishnu Temple
Processing 74/638: Phantom Rock
Unable to resolve location: Phantom Rock
Processing 75/638: Vijayanagara Era Shri Vishnugudi Jain Basadi
Unable to resolve location: Vijayanagara Era Shri Vishnugudi Jain Basadi
Processing 76/638: En Ooru
Unable to resolve location: En Ooru
Processing 77/638: 900 kandi glass bridge offroad safari
Unable to resolve location: 900 kandi glass bridge offroad safari
Processing 78/638: Kuvempu Kavi Mane
Unable to resolve location: Kuvempu Kavi Mane
Processing 79/638: Mahabaleshwar
Unable to resolve location: Mahabaleshwar
Processing 80/638: Vaitarna Dam
Unable to resolve location: Vaitarna Dam
Processing 81/638: aaro viewpoint (valparai river)
Unable to resolve location: aaro viewpoint (valparai river)
Processing 82/638: Poondi
Unable to resolve location: Poondi
Processing 83/638: Windmill View Point
Unable to resolve location: Windmill View Point
Processing 84/638: Mundgod Tibetan Camp
Unable to resolve location: Mundgod Tibetan Camp
Processing 85/638: Solo Hills
Unable to resolve location: Solo Hills
Processing 86/638: Belakal Theertha Falls Viewpoint
Unable to resolve location: Belakal Theertha Falls Viewpoint
Processing 87/638: Belkal Theertha Falls Mudoor
Unable to resolve location: Belkal Theertha Falls Mudoor
Processing 88/638: Ayyana kere
Unable to resolve location: Ayyana kere
Processing 89/638: Dadigal dam
Unable to resolve location: Dadigal dam
Processing 90/638: Lake Eri panchapalli
Unable to resolve location: Lake Eri panchapalli
Processing 91/638: Tilmati Beach
Unable to resolve location: Tilmati Beach
Processing 92/638: Shri Somanatha Swamy Temple
Unable to resolve location: Shri Somanatha Swamy Temple
Processing 93/638: Mirjan Fort
Unable to resolve location: Mirjan Fort
Processing 94/638: Karwar Beach
Unable to resolve location: Karwar Beach
Processing 95/638: Kodi Delta Point
Unable to resolve location: Kodi Delta Point
Processing 96/638: Kodi Sea Walk Viewpoint
Unable to resolve location: Kodi Sea Walk Viewpoint
Processing 97/638: Ottinene sunset view point, byndoor
Unable to resolve location: Ottinene sunset view point, byndoor
Processing 98/638: Kollur Sri Mookambika Devi Temple
Unable to resolve location: Kollur Sri Mookambika Devi Temple
Processing 99/638: MANGROVE KAYAKING SALIGRAMA
Unable to resolve location: MANGROVE KAYAKING SALIGRAMA
Processing 100/638: Anegudde Sri Vinayaka Temple
Unable to resolve location: Anegudde Sri Vinayaka Temple
Processing 101/638: Shri Kundheshwara Swami Devasthana
Unable to resolve location: Shri Kundheshwara Swami Devasthana
Processing 102/638: Jaali Beach
Unable to resolve location: Jaali Beach
Processing 103/638: Sri Yaganti Uma Maheswara Temple
Unable to resolve location: Sri Yaganti Uma Maheswara Temple
Processing 104/638: Kodakarai
Unable to resolve location: Kodakarai
Processing 105/638: Siddara Betta Hiking start point
Unable to resolve location: Siddara Betta Hiking start point
Processing 106/638: Vādemalleshwara Gudi Betta Top,Channapatna
Unable to resolve location: Vādemalleshwara Gudi Betta Top,Channapatna
Processing 107/638: Meghamalai
Unable to resolve location: Meghamalai
Processing 108/638: Elugubanti guhalu (Bear caves)
Unable to resolve location: Elugubanti guhalu (Bear caves)
Processing 109/638: Halu chilume Gangamma Gudi
Unable to resolve location: Halu chilume Gangamma Gudi
Processing 110/638: Vaderahalli Lake View Point
Unable to resolve location: Vaderahalli Lake View Point
Processing 111/638: Sri Venugopalaswamy Temple
Unable to resolve location: Sri Venugopalaswamy Temple
Processing 112/638: 8°58'24.0"N 77°02'31.4"E
Parsed coordinates from name: 8°58'24.0"N 77°02'31.4"E => 8.9733, 77.0421
Unable to resolve location: 8°58'24.0"N 77°02'31.4"E
Processing 113/638: Athirappilly Water Falls
Unable to resolve location: Athirappilly Water Falls
Processing 114/638: Shri Nanya Bhairaveshwara Swamy Temple (Bhairapura)
Unable to resolve location: Shri Nanya Bhairaveshwara Swamy Temple (Bhairapura)
Processing 115/638: Hosahalli Betta
Unable to resolve location: Hosahalli Betta
Processing 116/638: Kuthumkal Waterfalls
Unable to resolve location: Kuthumkal Waterfalls
Processing 117/638: PERUMBANKUTHU WATERFALLS
Unable to resolve location: PERUMBANKUTHU WATERFALLS
Processing 118/638: Tea Estate Garden
Unable to resolve location: Tea Estate Garden
Processing 119/638: Valparai Tea Plantations
Unable to resolve location: Valparai Tea Plantations
Processing 120/638: Aliyar Dam Top View Point
Unable to resolve location: Aliyar Dam Top View Point
Processing 121/638: Aliyar Dam View Point
Unable to resolve location: Aliyar Dam View Point
Processing 122/638: Monkey Falls
Unable to resolve location: Monkey Falls
Processing 123/638: Valparai View Point
Unable to resolve location: Valparai View Point
Processing 124/638: Nallamudi View point
Unable to resolve location: Nallamudi View point
Processing 125/638: Manchanbele Reservoir Sunrise View Point,Ramanagara.
Unable to resolve location: Manchanbele Reservoir Sunrise View Point,Ramanagara.
Processing 126/638: SAGARU HILLS
Unable to resolve location: SAGARU HILLS
Processing 127/638: Kalawarabetta Top Point
Unable to resolve location: Kalawarabetta Top Point
Processing 128/638: Savanadurga Trek
Unable to resolve location: Savanadurga Trek
Processing 129/638: Skandagiri Treking
Unable to resolve location: Skandagiri Treking
Processing 130/638: Manchanabele Dam Top Viewpoint
Unable to resolve location: Manchanabele Dam Top Viewpoint
Processing 131/638: Gundamagere Kere
Unable to resolve location: Gundamagere Kere
Processing 132/638: Savanadurga Fort
Unable to resolve location: Savanadurga Fort
Processing 133/638: Hesaraghatta Lake Viewpoint
Unable to resolve location: Hesaraghatta Lake Viewpoint
Processing 134/638: Conolly's Plot
Unable to resolve location: Conolly's Plot
Processing 135/638: Fontainhas
Unable to resolve location: Fontainhas
Processing 136/638: Varkala
Unable to resolve location: Varkala
Processing 137/638: Venkateshwara blue metal Quarry
Unable to resolve location: Venkateshwara blue metal Quarry
Processing 138/638: Anjuruli Thuruthu
Unable to resolve location: Anjuruli Thuruthu
Processing 139/638: Thooval Waterfalls
Unable to resolve location: Thooval Waterfalls
Processing 140/638: KOTTAPARA view point
Unable to resolve location: KOTTAPARA view point
Processing 141/638: 33 Waterfalls Mankulam
Unable to resolve location: 33 Waterfalls Mankulam
Processing 142/638: Mankulam
Unable to resolve location: Mankulam
Processing 143/638: Top Station
Unable to resolve location: Top Station
Processing 144/638: Silent Valley
Unable to resolve location: Silent Valley
Processing 145/638: Thoovanam Waterfalls
Unable to resolve location: Thoovanam Waterfalls
Processing 146/638: Irachil Para Water Falls
Unable to resolve location: Irachil Para Water Falls
Processing 147/638: Periya Canal waterfalls
Unable to resolve location: Periya Canal waterfalls
Processing 148/638: Lakkam Waterfalls
Unable to resolve location: Lakkam Waterfalls
Processing 149/638: Lakshmi Estate
Unable to resolve location: Lakshmi Estate
Processing 150/638: Bhramaram view Point, Kanthaloor
Unable to resolve location: Bhramaram view Point, Kanthaloor
Processing 151/638: Eravikulam National Park
Unable to resolve location: Eravikulam National Park
Processing 152/638: Idukki Dam
Unable to resolve location: Idukki Dam
Processing 153/638: Anakulam Wild Elephant Village tour - munnarinfo.in
Unable to resolve location: Anakulam Wild Elephant Village tour - munnarinfo.in
Processing 154/638: Kolukkumalai Top View point
Unable to resolve location: Kolukkumalai Top View point
Processing 155/638: Suryanelli Tea Garden View Point
Unable to resolve location: Suryanelli Tea Garden View Point
Processing 156/638: Ripple Waterfalls
Unable to resolve location: Ripple Waterfalls
Processing 157/638: Zipline Suryanelli (400m)
Unable to resolve location: Zipline Suryanelli (400m)
Processing 158/638: Sahasralinga
Unable to resolve location: Sahasralinga
Processing 159/638: Cheruthoni Dam
Unable to resolve location: Cheruthoni Dam
Processing 160/638: KARWAR BEACH VIEW POINT
Unable to resolve location: KARWAR BEACH VIEW POINT
Processing 161/638: Murdeshwar
Unable to resolve location: Murdeshwar
Processing 162/638: Borra Caves
Unable to resolve location: Borra Caves
Processing 163/638: Rushikonda Beach
Unable to resolve location: Rushikonda Beach
Processing 164/638: Ramakrishna Beach
Unable to resolve location: Ramakrishna Beach
Processing 165/638: Silent Valley View
Unable to resolve location: Silent Valley View
Processing 166/638: Perumal Peak
Unable to resolve location: Perumal Peak
Processing 167/638: Pambar Water Falls
Unable to resolve location: Pambar Water Falls
Processing 168/638: Dolphin Nose Viewpoint
Unable to resolve location: Dolphin Nose Viewpoint
Processing 169/638: Vattakanal
Unable to resolve location: Vattakanal
Processing 170/638: Kookal Lake
Unable to resolve location: Kookal Lake
Processing 171/638: Kookal
Unable to resolve location: Kookal
Processing 172/638: Mannavanur Lake View Point
Unable to resolve location: Mannavanur Lake View Point
Processing 173/638: Poombarai village
Unable to resolve location: Poombarai village
Processing 174/638: Devikulam
Unable to resolve location: Devikulam
Processing 175/638: The Pampadum Shola National Park
Unable to resolve location: The Pampadum Shola National Park
Processing 176/638: Marayoor Sandalwood Forest
Unable to resolve location: Marayoor Sandalwood Forest
Processing 177/638: Anayirankal dam view point
Unable to resolve location: Anayirankal dam view point
Processing 178/638: Lockhart Gap Road View Point
Unable to resolve location: Lockhart Gap Road View Point
Processing 179/638: Lockhart Gap View
Unable to resolve location: Lockhart Gap View
Processing 180/638: Chinnakanal Waterfalls
Unable to resolve location: Chinnakanal Waterfalls
Processing 181/638: Kolukkumalai Tea Estate
Unable to resolve location: Kolukkumalai Tea Estate
Processing 182/638: Vattavada
Unable to resolve location: Vattavada
Processing 183/638: Attukad Waterfalls
Unable to resolve location: Attukad Waterfalls
Processing 184/638: Devanahalli Fort
Unable to resolve location: Devanahalli Fort
Processing 185/638: Wayanadvythiriwievpoint
Unable to resolve location: Wayanadvythiriwievpoint
Processing 186/638: Dropped pin
Skipping row 186: invalid or placeholder name.
Processing 187/638: Kudremukh paradise camp(Kurcharakatte)
Unable to resolve location: Kudremukh paradise camp(Kurcharakatte)
Processing 188/638: Cauvery Peak
Unable to resolve location: Cauvery Peak
Processing 189/638: Pagoda View Point | Yercaud
Unable to resolve location: Pagoda View Point | Yercaud
Processing 190/638: Karadiyur View Point - Yercaud
Unable to resolve location: Karadiyur View Point - Yercaud
Processing 191/638: Glen Field View Point
Unable to resolve location: Glen Field View Point
Processing 192/638: Kote Viewpoint
Unable to resolve location: Kote Viewpoint
Processing 193/638: Nirvana Beach
Unable to resolve location: Nirvana Beach
Processing 194/638: Om Beach
Unable to resolve location: Om Beach
Processing 195/638: Apsarkonda Beach
Unable to resolve location: Apsarkonda Beach
Processing 196/638: Eco Beach
Unable to resolve location: Eco Beach
Processing 197/638: Jog Falls
Unable to resolve location: Jog Falls
Processing 198/638: Bhadra Dam
Unable to resolve location: Bhadra Dam
Processing 199/638: Shri Chikka Devammana Betta Gudi
Unable to resolve location: Shri Chikka Devammana Betta Gudi
Processing 200/638: 900 kandi eco park
Unable to resolve location: 900 kandi eco park
Processing 201/638: Hulikal Ghat
Unable to resolve location: Hulikal Ghat
Processing 202/638: Jenukallu Gudda
Unable to resolve location: Jenukallu Gudda
Processing 203/638: Kadumane Abbi Falls
Unable to resolve location: Kadumane Abbi Falls
Processing 204/638: Shettihalli Rosary Church
Unable to resolve location: Shettihalli Rosary Church
Processing 205/638: Pandavara Betta
Unable to resolve location: Pandavara Betta
Processing 206/638: Manjehalli Falls
Unable to resolve location: Manjehalli Falls
Processing 207/638: Bettada Byraveshwara Viewpoint
Unable to resolve location: Bettada Byraveshwara Viewpoint
Processing 208/638: Patla Betta Peak
Unable to resolve location: Patla Betta Peak
Processing 209/638: Abbe Gundi Falls
Unable to resolve location: Abbe Gundi Falls
Processing 210/638: Balancing rock, Hulagathur
Unable to resolve location: Balancing rock, Hulagathur
Processing 211/638: Maredumilli
Unable to resolve location: Maredumilli
Processing 212/638: ARAKU VALLEY
Unable to resolve location: ARAKU VALLEY
Processing 213/638: Namma Aruvi falls
Unable to resolve location: Namma Aruvi falls
Processing 214/638: PulianCholai View tower
Unable to resolve location: PulianCholai View tower
Processing 215/638: Aagaya Gangai Falls - Kollimalai
Unable to resolve location: Aagaya Gangai Falls - Kollimalai
Processing 216/638: Puliancholai
Unable to resolve location: Puliancholai
Processing 217/638: Maasila Falls
Unable to resolve location: Maasila Falls
Processing 218/638: The Last Upwan
Unable to resolve location: The Last Upwan
Processing 219/638: Motoverse Ground
Unable to resolve location: Motoverse Ground
Processing 220/638: Keni Beach
Unable to resolve location: Keni Beach
Processing 221/638: Kunkeshwar
Unable to resolve location: Kunkeshwar
Processing 222/638: Oho beach
Unable to resolve location: Oho beach
Processing 223/638: Dimbam Hairpin bend- 8/27
Unable to resolve location: Dimbam Hairpin bend- 8/27
Processing 224/638: DHIMBAM VIEW POINT
Unable to resolve location: DHIMBAM VIEW POINT
Processing 225/638: DHIMBAM - SATHYAMANGALAM HAIR PIN BEND ROAD
Unable to resolve location: DHIMBAM - SATHYAMANGALAM HAIR PIN BEND ROAD
Processing 226/638: Nagala Muddhamma temple
Unable to resolve location: Nagala Muddhamma temple
Processing 227/638: Samse
Unable to resolve location: Samse
Processing 228/638: Pangi valley
Unable to resolve location: Pangi valley
Processing 229/638: Malayur view point
Unable to resolve location: Malayur view point
Processing 230/638: Malaiyur
Unable to resolve location: Malaiyur
Processing 231/638: Kotilingeshwara Temple
Unable to resolve location: Kotilingeshwara Temple
Processing 232/638: KRS Backwaters, Meenakshipura
Unable to resolve location: KRS Backwaters, Meenakshipura
Processing 233/638: Padukere Beach
Unable to resolve location: Padukere Beach
Processing 234/638: Sunflower fields Gundlupete
Unable to resolve location: Sunflower fields Gundlupete
Processing 235/638: Assi Ghat Varanasi
Unable to resolve location: Assi Ghat Varanasi
Processing 236/638: Varanasi
Unable to resolve location: Varanasi
Processing 237/638: Vagamon Off road, Sightseeing Jeep Safari
Unable to resolve location: Vagamon Off road, Sightseeing Jeep Safari
Processing 238/638: Varattumedu, Vagamon
Unable to resolve location: Varattumedu, Vagamon
Processing 239/638: Mookanamane Abbi Falls
Unable to resolve location: Mookanamane Abbi Falls
Processing 240/638: Patla betta
Unable to resolve location: Patla betta
Processing 241/638: Mankanahalli Ridge Point
Unable to resolve location: Mankanahalli Ridge Point
Processing 242/638: Main View Point
Unable to resolve location: Main View Point
Processing 243/638: Parvadhamalai Hills
Unable to resolve location: Parvadhamalai Hills
Processing 244/638: Mahendragiri
Unable to resolve location: Mahendragiri
Processing 245/638: Mahendragiri
Unable to resolve location: Mahendragiri
Processing 246/638: Dropped pin
Skipping row 246: invalid or placeholder name.
Processing 247/638: Haluvagilu Waterfalls
Unable to resolve location: Haluvagilu Waterfalls
Processing 248/638: Cherrapunji
Unable to resolve location: Cherrapunji
Processing 249/638: Mattighatta Falls
Unable to resolve location: Mattighatta Falls
Processing 250/638: Chikka Devaraya Sagara Dam
Unable to resolve location: Chikka Devaraya Sagara Dam
Processing 251/638: Panchatheertha Parashakthi Devasthaanam
Unable to resolve location: Panchatheertha Parashakthi Devasthaanam
Processing 252/638: Sri Keshavanatheshwara Temple Moodgal Keradi
Unable to resolve location: Sri Keshavanatheshwara Temple Moodgal Keradi
Processing 253/638: Kumbhe Waterfall
Unable to resolve location: Kumbhe Waterfall
Processing 254/638: Linganamakki dam
Unable to resolve location: Linganamakki dam
Processing 255/638: Kere Thoondanur
Unable to resolve location: Kere Thoondanur
Processing 256/638: Thondanoor
Unable to resolve location: Thondanoor
Processing 257/638: Gundal Dam
Unable to resolve location: Gundal Dam
Processing 258/638: Mekedatu
Unable to resolve location: Mekedatu
Processing 259/638: Akkayamma Betta
Unable to resolve location: Akkayamma Betta
Processing 260/638: Talakadu Kaveri River
Unable to resolve location: Talakadu Kaveri River
Processing 261/638: Namdroling Monastery Golden Temple
Unable to resolve location: Namdroling Monastery Golden Temple
Processing 262/638: Shravanbela Gola (Rural)
Unable to resolve location: Shravanbela Gola (Rural)
Processing 263/638: Munnar Tea Garden View Point
Unable to resolve location: Munnar Tea Garden View Point
Processing 264/638: Nrityagram
Unable to resolve location: Nrityagram
Processing 265/638: Goruru Hemavathi Reservoir
Unable to resolve location: Goruru Hemavathi Reservoir
Processing 266/638: Valparai
Unable to resolve location: Valparai
Processing 267/638: Ancient Hoysala Talakadu Shri Keerthinarayana Swamy Temple
Unable to resolve location: Ancient Hoysala Talakadu Shri Keerthinarayana Swamy Temple
Processing 268/638: Isha Foundation Chikkaballapura
Unable to resolve location: Isha Foundation Chikkaballapura
Processing 269/638: Elephant Watch Tower, Samieri
Unable to resolve location: Elephant Watch Tower, Samieri
Processing 270/638: Elephant view point
Unable to resolve location: Elephant view point
Processing 271/638: Himavad Gopalaswamy Temple
Unable to resolve location: Himavad Gopalaswamy Temple
Processing 272/638: Kondaveedu Fort
Unable to resolve location: Kondaveedu Fort
Processing 273/638: Shri Shani Devara Gudi (Bramhagiri Betta)
Unable to resolve location: Shri Shani Devara Gudi (Bramhagiri Betta)
Processing 274/638: Nandi One Trek Start Point (Long Route)
Unable to resolve location: Nandi One Trek Start Point (Long Route)
Processing 275/638: Avalahalli Forest
Unable to resolve location: Avalahalli Forest
Processing 276/638: Kaginahare
Unable to resolve location: Kaginahare
Processing 277/638: Hosahalli Gudda Shooting point ಹೊಸಳ್ಳಿ ಗುಡ್ಡ
Unable to resolve location: Hosahalli Gudda Shooting point ಹೊಸಳ್ಳಿ ಗುಡ್ಡ
Processing 278/638: Kaginahare Viewpoint
Unable to resolve location: Kaginahare Viewpoint
Processing 279/638: Ermayi waterfalls
Unable to resolve location: Ermayi waterfalls
Processing 280/638: Guddada Rangaswamy Betta
Unable to resolve location: Guddada Rangaswamy Betta
Processing 281/638: Agni sub peak/Pradip Vani hill
Unable to resolve location: Agni sub peak/Pradip Vani hill
Processing 282/638: Hemavathi backwaters
Unable to resolve location: Hemavathi backwaters
Processing 283/638: Jayamangali Blackbuck Conservation Reserve
Unable to resolve location: Jayamangali Blackbuck Conservation Reserve
Processing 284/638: 14°34'12.0"N 77°07'37.1"E
Parsed coordinates from name: 14°34'12.0"N 77°07'37.1"E => 14.5700, 77.1270
Unable to resolve location: 14°34'12.0"N 77°07'37.1"E
Processing 285/638: Sunset chasers 1
Unable to resolve location: Sunset chasers 1
Processing 286/638: Dandiganahalli Dam
Unable to resolve location: Dandiganahalli Dam
Processing 287/638: Kanchibail waterfall
Unable to resolve location: Kanchibail waterfall
Processing 288/638: 12°25'29.7"N 76°27'51.3"E
Parsed coordinates from name: 12°25'29.7"N 76°27'51.3"E => 12.4249, 76.4643
Unable to resolve location: 12°25'29.7"N 76°27'51.3"E
Processing 289/638: Bird's eye viewpoint
Unable to resolve location: Bird's eye viewpoint
Processing 290/638: Male Mahadeshwara Hills
Unable to resolve location: Male Mahadeshwara Hills
Processing 291/638: Hessarghatta grasslands
Unable to resolve location: Hessarghatta grasslands
Processing 292/638: Chokramudi Peak
Unable to resolve location: Chokramudi Peak
Processing 293/638: Bumla Pass
Unable to resolve location: Bumla Pass
Processing 294/638: Baradi Betta
Unable to resolve location: Baradi Betta
Processing 295/638: Sunset Point
Unable to resolve location: Sunset Point
Processing 296/638: Cloudfarm sunrise view point
Unable to resolve location: Cloudfarm sunrise view point
Processing 297/638: Sunset Point, Kanyakumari
Unable to resolve location: Sunset Point, Kanyakumari
Processing 298/638: Ghanchakkar
Unable to resolve location: Ghanchakkar
Processing 299/638: Muzhappilangad Drive In Beach
Unable to resolve location: Muzhappilangad Drive In Beach
Processing 300/638: Watch Tower
Unable to resolve location: Watch Tower
Processing 301/638: NAALU MALA (VIEW POINT)
Unable to resolve location: NAALU MALA (VIEW POINT)
Processing 302/638: Spot
Unable to resolve location: Spot
Processing 303/638: Kolli Hills
Unable to resolve location: Kolli Hills
Processing 304/638: Arulmigu Chennaraya Swamy Temple
Unable to resolve location: Arulmigu Chennaraya Swamy Temple
Processing 305/638: Sithankuttai dam view point
Unable to resolve location: Sithankuttai dam view point
Processing 306/638: MM Hills Road Hairpin Bend- 5/27
Unable to resolve location: MM Hills Road Hairpin Bend- 5/27
Processing 307/638: Mordhana Dam
Unable to resolve location: Mordhana Dam
Processing 308/638: Dropped pin
Skipping row 308: invalid or placeholder name.
Processing 309/638: Lavnish's spot
Unable to resolve location: Lavnish's spot
Processing 310/638: Sagarakatte-Mulepetlu KRS backwaters
Unable to resolve location: Sagarakatte-Mulepetlu KRS backwaters
Processing 311/638: Dharmasthala
Unable to resolve location: Dharmasthala
Processing 312/638: KRS North Back Water
Unable to resolve location: KRS North Back Water
Processing 313/638: Camp @ Bettathur / Orbit Adventure, Coorg
Unable to resolve location: Camp @ Bettathur / Orbit Adventure, Coorg
Processing 314/638: Abbey Waterfall
Unable to resolve location: Abbey Waterfall
Processing 315/638: Kshitija Nesara Dhama, Byndoor
Unable to resolve location: Kshitija Nesara Dhama, Byndoor
Processing 316/638: Sri Gopalswamy Temple
Unable to resolve location: Sri Gopalswamy Temple
Processing 317/638: Thattekere Lake Viewpoint
Unable to resolve location: Thattekere Lake Viewpoint
Processing 318/638: Mallayyakonda Temple
Unable to resolve location: Mallayyakonda Temple
Processing 319/638: Aakasha Gange Hill Top
Unable to resolve location: Aakasha Gange Hill Top
Processing 320/638: Bhavanisagar Dam View Point(2/27)
Unable to resolve location: Bhavanisagar Dam View Point(2/27)
Processing 321/638: Erode
Unable to resolve location: Erode
Processing 322/638: Kurudumale Ganesha Temple
Unable to resolve location: Kurudumale Ganesha Temple
Processing 323/638: Blue flag beach Padubidri
Unable to resolve location: Blue flag beach Padubidri
Processing 324/638: Payana Car Museum
Unable to resolve location: Payana Car Museum
Processing 325/638: Sunset point
Unable to resolve location: Sunset point
Processing 326/638: Kanwathirtha Beach
Unable to resolve location: Kanwathirtha Beach
Processing 327/638: Manjeshwar Sea Walk
Unable to resolve location: Manjeshwar Sea Walk
Processing 328/638: Maravanthe Beach
Unable to resolve location: Maravanthe Beach
Processing 329/638: Maravanthe
Unable to resolve location: Maravanthe
Processing 330/638: Karkala
Unable to resolve location: Karkala
Processing 331/638: Mudbidri
Unable to resolve location: Mudbidri
Processing 332/638: Malpe Sea Walk
Unable to resolve location: Malpe Sea Walk
Processing 333/638: Sea Walk Park Malpe
Unable to resolve location: Sea Walk Park Malpe
Processing 334/638: Adiyogi Shiva Statue Chikkaballapur
Unable to resolve location: Adiyogi Shiva Statue Chikkaballapur
Processing 335/638: BhavaniSagar Dam
Unable to resolve location: BhavaniSagar Dam
Processing 336/638: Panchapalli Dam
Unable to resolve location: Panchapalli Dam
Processing 337/638: Sri Narayana Swamy Betta
Unable to resolve location: Sri Narayana Swamy Betta
Processing 338/638: Sandakphu
Unable to resolve location: Sandakphu
Processing 339/638: Illikkal Kallu
Unable to resolve location: Illikkal Kallu
Processing 340/638: Bekal Fort
Unable to resolve location: Bekal Fort
Processing 341/638: Surathkal Beach
Unable to resolve location: Surathkal Beach
Processing 342/638: Panambur Beach
Unable to resolve location: Panambur Beach
Processing 343/638: Tannirbhavi Beach
Unable to resolve location: Tannirbhavi Beach
Processing 344/638: Kudroli Shri Gokarnanatheshwara Kshetra
Unable to resolve location: Kudroli Shri Gokarnanatheshwara Kshetra
Processing 345/638: Hegde
Unable to resolve location: Hegde
Processing 346/638: Haladi River Bridge
Unable to resolve location: Haladi River Bridge
Processing 347/638: Dropped pin
Skipping row 347: invalid or placeholder name.
Processing 348/638: Lake view point
Unable to resolve location: Lake view point
Processing 349/638: Bamboo Forest Trail Parking
Unable to resolve location: Bamboo Forest Trail Parking
Processing 350/638: Kudure mukha National Park
Unable to resolve location: Kudure mukha National Park
Processing 351/638: Anekere Lake
Unable to resolve location: Anekere Lake
Processing 352/638: Kudremukha National Park
Unable to resolve location: Kudremukha National Park
Processing 353/638: Kudremukha Betta Viewpoint
Unable to resolve location: Kudremukha Betta Viewpoint
Processing 354/638: Charmadi Rock waterfalls
Unable to resolve location: Charmadi Rock waterfalls
Processing 355/638: Mattu Beach
Unable to resolve location: Mattu Beach
Processing 356/638: Devaramane Betta
Unable to resolve location: Devaramane Betta
Processing 357/638: EDEN BEACH
Unable to resolve location: EDEN BEACH
Processing 358/638: Sunset view point lake
Unable to resolve location: Sunset view point lake
Processing 359/638: Arkavati pump house
Unable to resolve location: Arkavati pump house
Processing 360/638: 13°53'50.5"N 76°28'45.1"E
Parsed coordinates from name: 13°53'50.5"N 76°28'45.1"E => 13.8974, 76.4792
Unable to resolve location: 13°53'50.5"N 76°28'45.1"E
Processing 361/638: Vani vilasa sagara back water
Unable to resolve location: Vani vilasa sagara back water
Processing 362/638: SH 104
Unable to resolve location: SH 104
Processing 363/638: Sulthan Battheri
Unable to resolve location: Sulthan Battheri
Processing 364/638: KENJAR MX
Unable to resolve location: KENJAR MX
Processing 365/638: Dambel River Side
Unable to resolve location: Dambel River Side
Processing 366/638: Udupi Shri Krishna Matha
Unable to resolve location: Udupi Shri Krishna Matha
Processing 367/638: Kapu Beach
Unable to resolve location: Kapu Beach
Processing 368/638: Kodi Beach
Unable to resolve location: Kodi Beach
Processing 369/638: Denkanikottai
Unable to resolve location: Denkanikottai
Processing 370/638: Puducherry
Unable to resolve location: Puducherry
Processing 371/638: Tribal Adventure
Unable to resolve location: Tribal Adventure
Processing 372/638: Vagamon
Unable to resolve location: Vagamon
Processing 373/638: Ettina Bhuja
Unable to resolve location: Ettina Bhuja
Processing 374/638: Vatadahosahalli Lake
Unable to resolve location: Vatadahosahalli Lake
Processing 375/638: Idukki
Unable to resolve location: Idukki
Processing 376/638: Kanthalloor
Unable to resolve location: Kanthalloor
Processing 377/638: Netravati Peak & Kallusanka Trek
Unable to resolve location: Netravati Peak & Kallusanka Trek
Processing 378/638: Dam and Tunnel View
Unable to resolve location: Dam and Tunnel View
Processing 379/638: Tungabhadraa Dam Lighthouse Viewpoint
Unable to resolve location: Tungabhadraa Dam Lighthouse Viewpoint
Processing 380/638: Tungabhadra Backwaters
Unable to resolve location: Tungabhadra Backwaters
Processing 381/638: Udupi
Unable to resolve location: Udupi
Processing 382/638: Malpe Beach
Unable to resolve location: Malpe Beach
Processing 383/638: Pulivendula Rd
Unable to resolve location: Pulivendula Rd
Processing 384/638: Shri Bettada Bhairaveshwara Swamy Temple
Unable to resolve location: Shri Bettada Bhairaveshwara Swamy Temple
Processing 385/638: Kukke subramanya swami Temple Main road
Unable to resolve location: Kukke subramanya swami Temple Main road
Processing 386/638: Bisile Ghat View Point
Unable to resolve location: Bisile Ghat View Point
Processing 387/638: Hemavathi Bridge
Unable to resolve location: Hemavathi Bridge
Processing 388/638: Kundapura
Unable to resolve location: Kundapura
Processing 389/638: SHRI DHABBAGULI BASAVESHWARA SWAMI (kaveri river)
Unable to resolve location: SHRI DHABBAGULI BASAVESHWARA SWAMI (kaveri river)
Processing 390/638: Manchanabele Falls
Unable to resolve location: Manchanabele Falls
Processing 391/638: Yathirajaswamy Betta Hiking Point (kote betta)
Unable to resolve location: Yathirajaswamy Betta Hiking Point (kote betta)
Processing 392/638: Red Hills
Unable to resolve location: Red Hills
Processing 393/638: Sri Male Mahadeshwara Swamy Devasthana
Unable to resolve location: Sri Male Mahadeshwara Swamy Devasthana
Processing 394/638: Shivagange
Unable to resolve location: Shivagange
Processing 395/638: Hogenakkal
Unable to resolve location: Hogenakkal
Processing 396/638: Mettur Dam View Point.
Unable to resolve location: Mettur Dam View Point.
Processing 397/638: Elephant Corridor - யானை வழித்தடம்
Unable to resolve location: Elephant Corridor - யானை வழித்தடம்
Processing 398/638: Forest Range Office Pennagaram,tamilnadu
Unable to resolve location: Forest Range Office Pennagaram,tamilnadu
Processing 399/638: Kemmangundi Peak
Unable to resolve location: Kemmangundi Peak
Processing 400/638: Ballalarayana Durga Fort
Unable to resolve location: Ballalarayana Durga Fort
Processing 401/638: Kalasa
Unable to resolve location: Kalasa
Processing 402/638: Jhari water falls path
Unable to resolve location: Jhari water falls path
Processing 403/638: Z Point
Unable to resolve location: Z Point
Processing 404/638: Manjarabad Fort Sakleshpura
Unable to resolve location: Manjarabad Fort Sakleshpura
Processing 405/638: Markonahalli Dam
Unable to resolve location: Markonahalli Dam
Processing 406/638: Antaragange Cave And Water
Unable to resolve location: Antaragange Cave And Water
Processing 407/638: Sabbanahalli Picnic point
Unable to resolve location: Sabbanahalli Picnic point
Processing 408/638: Aagaya Gangai water falls
Unable to resolve location: Aagaya Gangai water falls
Processing 409/638: Krishnagiri Dam
Unable to resolve location: Krishnagiri Dam
Processing 410/638: Somwarpet
Unable to resolve location: Somwarpet
Processing 411/638: Jawadhu Hills
Unable to resolve location: Jawadhu Hills
Processing 412/638: Meesapulimala
Unable to resolve location: Meesapulimala
Processing 413/638: Shivanasamudra Falls
Unable to resolve location: Shivanasamudra Falls
Processing 414/638: Mydala lake , channel
Unable to resolve location: Mydala lake , channel
Processing 415/638: Pyramid Valley International
Unable to resolve location: Pyramid Valley International
Processing 416/638: Raamadevara Betta Top View
Unable to resolve location: Raamadevara Betta Top View
Processing 417/638: Murdeshwar Temple
Unable to resolve location: Murdeshwar Temple
Processing 418/638: Sakleshpura
Unable to resolve location: Sakleshpura
Processing 419/638: Munnar
Unable to resolve location: Munnar
Processing 420/638: Kootagallu Thimmappana Betta
Unable to resolve location: Kootagallu Thimmappana Betta
Processing 421/638: Shivamogga
Unable to resolve location: Shivamogga
Processing 422/638: Makalidurga Fort
Unable to resolve location: Makalidurga Fort
Processing 423/638: Muthathi
Unable to resolve location: Muthathi
Processing 424/638: Kunti Betta
Unable to resolve location: Kunti Betta
Processing 425/638: Masinagudi
Unable to resolve location: Masinagudi
Processing 426/638: Gokarna
Unable to resolve location: Gokarna
Processing 427/638: Charmadi Ghat
Unable to resolve location: Charmadi Ghat
Processing 428/638: Hampi
Unable to resolve location: Hampi
Processing 429/638: Chitradurga
Unable to resolve location: Chitradurga
Processing 430/638: Kudremukh
Unable to resolve location: Kudremukh
Processing 431/638: Kodachadri
Unable to resolve location: Kodachadri
Processing 432/638: Coorg
Unable to resolve location: Coorg
Processing 433/638: Kodaikanal
Unable to resolve location: Kodaikanal
Processing 434/638: Devaramane
Unable to resolve location: Devaramane
Processing 435/638: Chikkamagaluru
Unable to resolve location: Chikkamagaluru
Processing 436/638: Kanniyakumari
Unable to resolve location: Kanniyakumari
Processing 437/638: Dhanushkodi
Unable to resolve location: Dhanushkodi
Processing 438/638: Kyatanamakki hills Station
Unable to resolve location: Kyatanamakki hills Station
Processing 439/638: Chamundi Hill
Unable to resolve location: Chamundi Hill
Processing 440/638: Bolumalai Fort
Unable to resolve location: Bolumalai Fort
Processing 441/638: Bisle Ghat
Unable to resolve location: Bisle Ghat
Processing 442/638: Sri Sringeri Shankara Mata
Unable to resolve location: Sri Sringeri Shankara Mata
Processing 443/638: Mallalli Waterfalls
Unable to resolve location: Mallalli Waterfalls
Processing 444/638: Harangi Dam
Unable to resolve location: Harangi Dam
Processing 445/638: Netravati peak view
Unable to resolve location: Netravati peak view
Processing 446/638: Yettinamane Gulaganji Gudda Dam (Kanva River)
Unable to resolve location: Yettinamane Gulaganji Gudda Dam (Kanva River)
Processing 447/638: Sri Narayanagiri Gudi
Unable to resolve location: Sri Narayanagiri Gudi
Processing 448/638: Sunset View Point Manchanabele
Unable to resolve location: Sunset View Point Manchanabele
Processing 449/638: Kaiwara Kempegowda fort
Unable to resolve location: Kaiwara Kempegowda fort
Processing 450/638: Balamuri Falls
Unable to resolve location: Balamuri Falls
Processing 451/638: Back water
Unable to resolve location: Back water
Processing 452/638: Arkavati Backwater Viewpoint
Unable to resolve location: Arkavati Backwater Viewpoint
Processing 453/638: Kaiwara Hill
Unable to resolve location: Kaiwara Hill
Processing 454/638: Chunchi Falls
Unable to resolve location: Chunchi Falls
Processing 455/638: Noolahalli Reddihalli Hill View Point
Unable to resolve location: Noolahalli Reddihalli Hill View Point
Processing 456/638: Vathalmalai
Unable to resolve location: Vathalmalai
Processing 457/638: Nellarachal
Unable to resolve location: Nellarachal
Processing 458/638: Muninagara Dam
Unable to resolve location: Muninagara Dam
Processing 459/638: Thalavadi Betta Fort
Unable to resolve location: Thalavadi Betta Fort
Processing 460/638: Yelagiri Hill View Point
Unable to resolve location: Yelagiri Hill View Point
Processing 461/638: Madheshvara Temple
Unable to resolve location: Madheshvara Temple
Processing 462/638: Vani Vilasa Sagara Dam
Unable to resolve location: Vani Vilasa Sagara Dam
Processing 463/638: Ancient Shri Panchalingeshwara Swamy Temple
Unable to resolve location: Ancient Shri Panchalingeshwara Swamy Temple
Processing 464/638: Bamboo Forest
Unable to resolve location: Bamboo Forest
Processing 465/638: Hesaraghatta Rocks- Bheemana Hejje
Unable to resolve location: Hesaraghatta Rocks- Bheemana Hejje
Processing 466/638: Hesargatta Ashoka Trees Avenue
Unable to resolve location: Hesargatta Ashoka Trees Avenue
Processing 467/638: Bheemeshwari Picnic Spot
Unable to resolve location: Bheemeshwari Picnic Spot
Processing 468/638: Mekedatu Sangama View Point
Unable to resolve location: Mekedatu Sangama View Point
Processing 469/638: Yercaud
Unable to resolve location: Yercaud
Processing 470/638: Kolli Hills Rd
Unable to resolve location: Kolli Hills Rd
Processing 471/638: Dzogchen Monastery
Unable to resolve location: Dzogchen Monastery
Processing 472/638: Muninagara Backwater Grasslands
Unable to resolve location: Muninagara Backwater Grasslands
Processing 473/638: Somanathapura
Unable to resolve location: Somanathapura
Processing 474/638: Heraganahalli reservoir ಹೆರಗನಹಳ್ಳಿ ಕಿರು ಅಣೆಕಟ್ಟು
Unable to resolve location: Heraganahalli reservoir ಹೆರಗನಹಳ್ಳಿ ಕಿರು ಅಣೆಕಟ್ಟು
Processing 475/638: Doddabetta Ooty Highest Point
Unable to resolve location: Doddabetta Ooty Highest Point
Processing 476/638: Sunset view point
Unable to resolve location: Sunset view point
Processing 477/638: Lamb's Rock Tea Garden View Point
Unable to resolve location: Lamb's Rock Tea Garden View Point
Processing 478/638: PATALESHWARA SWAMY TEMPLE
Unable to resolve location: PATALESHWARA SWAMY TEMPLE
Processing 479/638: Ramadevarabetta
Unable to resolve location: Ramadevarabetta
Processing 480/638: Agumbe
Unable to resolve location: Agumbe
Processing 481/638: Annanagar View Point
Unable to resolve location: Annanagar View Point
Processing 482/638: Lepakshi Main temple
Unable to resolve location: Lepakshi Main temple
Processing 483/638: Haunted office
Unable to resolve location: Haunted office
Processing 484/638: Sharavathi Valley Viewpoint
Unable to resolve location: Sharavathi Valley Viewpoint
Processing 485/638: Varanga Lake Jain Temple
Unable to resolve location: Varanga Lake Jain Temple
Processing 486/638: Krishnagiri
Unable to resolve location: Krishnagiri
Processing 487/638: Dodda Aalada Mara
Unable to resolve location: Dodda Aalada Mara
Processing 488/638: Gaganachukki Falls Viewpoint
Unable to resolve location: Gaganachukki Falls Viewpoint
Processing 489/638: Gudibande Fort
Unable to resolve location: Gudibande Fort
Processing 490/638: Hogenakkal Water Falls
Unable to resolve location: Hogenakkal Water Falls
Processing 491/638: Huttaridurga Sunrise Point
Unable to resolve location: Huttaridurga Sunrise Point
Processing 492/638: Gudibande Kere Viewpoint
Unable to resolve location: Gudibande Kere Viewpoint
Processing 493/638: Bhairasagara lake
Unable to resolve location: Bhairasagara lake
Processing 494/638: Avalabetta Top View
Unable to resolve location: Avalabetta Top View
Processing 495/638: Avani Temple
Unable to resolve location: Avani Temple
Processing 496/638: Bharachukki Waterfalls
Unable to resolve location: Bharachukki Waterfalls
Processing 497/638: Avani Betta Trek Start Point
Unable to resolve location: Avani Betta Trek Start Point
Processing 498/638: BR Hills Temple Valley Viewpoint
Unable to resolve location: BR Hills Temple Valley Viewpoint
Processing 499/638: Avathi Lake
Unable to resolve location: Avathi Lake
Processing 500/638: Adiyogi - The Source of Yoga
Unable to resolve location: Adiyogi - The Source of Yoga
Processing 501/638: Basavana Betta Forest
Unable to resolve location: Basavana Betta Forest
Processing 502/638: Shri Dakshina Kashi Vishwanatha Swamy Temple (Antaragange)
Unable to resolve location: Shri Dakshina Kashi Vishwanatha Swamy Temple (Antaragange)
Processing 503/638: Chitravathi River Reservoir
Unable to resolve location: Chitravathi River Reservoir
Processing 504/638: Mydala Kere
Unable to resolve location: Mydala Kere
Processing 505/638: Yana Caves
Unable to resolve location: Yana Caves
Processing 506/638: Sandhan Valley
Unable to resolve location: Sandhan Valley
Processing 507/638: Belum Caves
Unable to resolve location: Belum Caves
Processing 508/638: Srinivasa Sagara Reservoir
Unable to resolve location: Srinivasa Sagara Reservoir
Processing 509/638: Gandikota
Unable to resolve location: Gandikota
Processing 510/638: Cauvery South wildlife sanctuary
Unable to resolve location: Cauvery South wildlife sanctuary
Processing 511/638: Surlabbi Waterfalls
Unable to resolve location: Surlabbi Waterfalls
Processing 512/638: Skandagiri Hills
Unable to resolve location: Skandagiri Hills
Processing 513/638: Alamparai Fort
Unable to resolve location: Alamparai Fort
Processing 514/638: LAKE(KUTTAI) MALAIYUR
Unable to resolve location: LAKE(KUTTAI) MALAIYUR
Processing 515/638: K Gudi.
Unable to resolve location: K Gudi.
Processing 516/638: Shri Shankareshwara Bettada Gudi, Modur
Unable to resolve location: Shri Shankareshwara Bettada Gudi, Modur
Processing 517/638: Manchanabele Dam
Unable to resolve location: Manchanabele Dam
Processing 518/638: Kethanahalli Falls
Unable to resolve location: Kethanahalli Falls
Processing 519/638: Bikkanapalli Falls
Unable to resolve location: Bikkanapalli Falls
Processing 520/638: Vannama Lake
Unable to resolve location: Vannama Lake
Processing 521/638: Hesaragatta Grassland
Unable to resolve location: Hesaragatta Grassland
Processing 522/638: Hesaraghatta Grass Farm
Unable to resolve location: Hesaraghatta Grass Farm
Processing 523/638: Hesaraghatta Lake
Unable to resolve location: Hesaraghatta Lake
Processing 524/638: Basadibetta Shri Pinchi Basadi
Unable to resolve location: Basadibetta Shri Pinchi Basadi
Processing 525/638: Mandaragiri Hill
Unable to resolve location: Mandaragiri Hill
Processing 526/638: Kunagalu Betta
Unable to resolve location: Kunagalu Betta
Processing 527/638: Ambaji Durga
Unable to resolve location: Ambaji Durga
Processing 528/638: Ambajidurga Kere ಅಂಬಾಜಿದುರ್ಗ ಕೆರೆ
Unable to resolve location: Ambajidurga Kere ಅಂಬಾಜಿದುರ್ಗ ಕೆರೆ
Processing 529/638: Kailasagiri off road riding trail
Unable to resolve location: Kailasagiri off road riding trail
Processing 530/638: Kailasagiri Hill
Unable to resolve location: Kailasagiri Hill
Processing 531/638: Seege Gudda
Unable to resolve location: Seege Gudda
Processing 532/638: Cauvery North Wildlife Sanctuary
Unable to resolve location: Cauvery North Wildlife Sanctuary
Processing 533/638: Horsley Hills
Unable to resolve location: Horsley Hills
Processing 534/638: DD Hills
Unable to resolve location: DD Hills
Processing 535/638: Pre Historic Site
Unable to resolve location: Pre Historic Site
Processing 536/638: Kodakarai village wildlife
Unable to resolve location: Kodakarai village wildlife
Processing 537/638: Kanva Reservoir
Unable to resolve location: Kanva Reservoir
Processing 538/638: Idukki Airstrip
Unable to resolve location: Idukki Airstrip
Processing 539/638: Timmappana Betta
Unable to resolve location: Timmappana Betta
Processing 540/638: Kotagiri
Unable to resolve location: Kotagiri
Processing 541/638: Kinnakorai Viewpoint
Unable to resolve location: Kinnakorai Viewpoint
Processing 542/638: Koodlutheertha Falls
Unable to resolve location: Koodlutheertha Falls
Processing 543/638: Avalanche Road Viewpoint
Unable to resolve location: Avalanche Road Viewpoint
Processing 544/638: Manjoor
Unable to resolve location: Manjoor
Processing 545/638: Upper Bhavani Lake View Point
Unable to resolve location: Upper Bhavani Lake View Point
Processing 546/638: Kinnakorai
Unable to resolve location: Kinnakorai
Processing 547/638: Kodanad View Point
Unable to resolve location: Kodanad View Point
Processing 548/638: Narasimhaghada-Jamalabad Fort-Gadayikal
Unable to resolve location: Narasimhaghada-Jamalabad Fort-Gadayikal
Processing 549/638: Kalpavalli view point
Unable to resolve location: Kalpavalli view point
Processing 550/638: Penukonda Fort
Unable to resolve location: Penukonda Fort
Processing 551/638: Kaurava Kunda
Unable to resolve location: Kaurava Kunda
Processing 552/638: Mavanuru Shri Bettada Malleshwara Gudi
Unable to resolve location: Mavanuru Shri Bettada Malleshwara Gudi
Processing 553/638: Shivanasamudra
Unable to resolve location: Shivanasamudra
Processing 554/638: Shri Bettada Gaviranga Swamy Temple
Unable to resolve location: Shri Bettada Gaviranga Swamy Temple
Processing 555/638: Gopalaswamy Hills Check Post
Unable to resolve location: Gopalaswamy Hills Check Post
Processing 556/638: Deepambudhi Kere Viewpoint
Unable to resolve location: Deepambudhi Kere Viewpoint
Processing 557/638: Heligehalli water channel
Unable to resolve location: Heligehalli water channel
Processing 558/638: Uttari Betta
Unable to resolve location: Uttari Betta
Processing 559/638: Needle Rock View Point
Unable to resolve location: Needle Rock View Point
Processing 560/638: Arulmigu Madheswara Swamy Kovil
Unable to resolve location: Arulmigu Madheswara Swamy Kovil
Processing 561/638: Kothakuriki Waterfalls
Unable to resolve location: Kothakuriki Waterfalls
Processing 562/638: Talakona Waterfall
Unable to resolve location: Talakona Waterfall
Processing 563/638: Mallappa Hill's Top
Unable to resolve location: Mallappa Hill's Top
Processing 564/638: Biligundla Fishing and Boating spot
Unable to resolve location: Biligundla Fishing and Boating spot
Processing 565/638: Shri Panchamukhi Ganesha Temple
Unable to resolve location: Shri Panchamukhi Ganesha Temple
Processing 566/638: JCB Telescope
Unable to resolve location: JCB Telescope
Processing 567/638: Bhagamandala
Unable to resolve location: Bhagamandala
Processing 568/638: Chelavara Water Falls
Unable to resolve location: Chelavara Water Falls
Processing 569/638: Shree Omkareshwara Temple, Madikeri
Unable to resolve location: Shree Omkareshwara Temple, Madikeri
Processing 570/638: Madikeri Fort
Unable to resolve location: Madikeri Fort
Processing 571/638: Kote Abbe Falls
Unable to resolve location: Kote Abbe Falls
Processing 572/638: Iruppu Falls
Unable to resolve location: Iruppu Falls
Processing 573/638: Iruppu Hiking Area
Unable to resolve location: Iruppu Hiking Area
Processing 574/638: Kote Betta
Unable to resolve location: Kote Betta
Processing 575/638: Jhari Waterfall
Unable to resolve location: Jhari Waterfall
Processing 576/638: Mullayyanagiri Betta
Unable to resolve location: Mullayyanagiri Betta
Processing 577/638: Manikya Dhara Falls
Unable to resolve location: Manikya Dhara Falls
Processing 578/638: Honnammana Halla Falls
Unable to resolve location: Honnammana Halla Falls
Processing 579/638: Hirekolale lake
Unable to resolve location: Hirekolale lake
Processing 580/638: Z Point Trekking Peak
Unable to resolve location: Z Point Trekking Peak
Processing 581/638: Kallathigiri Falls
Unable to resolve location: Kallathigiri Falls
Processing 582/638: Baba Budangiri Peak
Unable to resolve location: Baba Budangiri Peak
Processing 583/638: Adhishakthyathmaka Shri Annapurneshwari Devi Temple - (Horanadu)
Unable to resolve location: Adhishakthyathmaka Shri Annapurneshwari Devi Temple - (Horanadu)
Processing 584/638: Kudremukha Peak
Unable to resolve location: Kudremukha Peak
Processing 585/638: Shri Shankara Matha - Chikkamagaluru Branch
Unable to resolve location: Shri Shankara Matha - Chikkamagaluru Branch
Processing 586/638: Hebbe Waterfalls
Unable to resolve location: Hebbe Waterfalls
Processing 587/638: Mullayanagiri Peak
Unable to resolve location: Mullayanagiri Peak
Processing 588/638: Kodige Falls
Unable to resolve location: Kodige Falls
Processing 589/638: Shri Gangadhareshwara Gudi Betta
Unable to resolve location: Shri Gangadhareshwara Gudi Betta
Processing 590/638: Eradu Betta Sunset Viewpoint
Unable to resolve location: Eradu Betta Sunset Viewpoint
Processing 591/638: Shri Muneshwara Betta
Unable to resolve location: Shri Muneshwara Betta
Processing 592/638: Payyoli
Unable to resolve location: Payyoli
Processing 593/638: Bandaje Falls
Unable to resolve location: Bandaje Falls
Processing 594/638: Dandeli
Unable to resolve location: Dandeli
Processing 595/638: Kyatanamakki Gudda View
Unable to resolve location: Kyatanamakki Gudda View
Processing 596/638: Gavi Betta
Unable to resolve location: Gavi Betta
Processing 597/638: Achalu betta ಅಚಲು ಬೆಟ್ಟ
Unable to resolve location: Achalu betta ಅಚಲು ಬೆಟ್ಟ
Processing 598/638: Savandurga Hill
Unable to resolve location: Savandurga Hill
Processing 599/638: Miramar Beach
Unable to resolve location: Miramar Beach
Processing 600/638: Calangute Beach, Goa
Unable to resolve location: Calangute Beach, Goa
Processing 601/638: Arambol Calm Beach
Unable to resolve location: Arambol Calm Beach
Processing 602/638: Arambol Beach
Unable to resolve location: Arambol Beach
Processing 603/638: Palolem Beach, GOA
Unable to resolve location: Palolem Beach, GOA
Processing 604/638: Galgibaga Beach
Unable to resolve location: Galgibaga Beach
Processing 605/638: Butterfly Beach
Unable to resolve location: Butterfly Beach
Processing 606/638: Cabo de Rama Beach
Unable to resolve location: Cabo de Rama Beach
Processing 607/638: Cola beach
Unable to resolve location: Cola beach
Processing 608/638: Cola Beach Lagoon
Unable to resolve location: Cola Beach Lagoon
Processing 609/638: Betul Beach
Unable to resolve location: Betul Beach
Processing 610/638: Kakolem Beach
Unable to resolve location: Kakolem Beach
Processing 611/638: Betul Fort
Unable to resolve location: Betul Fort
Processing 612/638: Netravali Wildlife Sanctuary
Unable to resolve location: Netravali Wildlife Sanctuary
Processing 613/638: Bhupar Waterfalls
Unable to resolve location: Bhupar Waterfalls
Processing 614/638: Reis Magos Fort
Unable to resolve location: Reis Magos Fort
Processing 615/638: Sweet Lake
Unable to resolve location: Sweet Lake
Processing 616/638: Bamanbudo Waterfall
Unable to resolve location: Bamanbudo Waterfall
Processing 617/638: Sadolxem Bridge
Unable to resolve location: Sadolxem Bridge
Processing 618/638: Palolem Beach
Unable to resolve location: Palolem Beach
Processing 619/638: Shree Mangesh temple
Unable to resolve location: Shree Mangesh temple
Processing 620/638: Dudhsagar Falls
Unable to resolve location: Dudhsagar Falls
Processing 621/638: Basilica of Bom Jesus
Unable to resolve location: Basilica of Bom Jesus
Processing 622/638: Cabo de Rama Fort
Unable to resolve location: Cabo de Rama Fort
Processing 623/638: Mae De Deus Church
Unable to resolve location: Mae De Deus Church
Processing 624/638: Se Cathedral
Unable to resolve location: Se Cathedral
Processing 625/638: Harvalem Waterfalls
Unable to resolve location: Harvalem Waterfalls
Processing 626/638: Dona Paula Beach
Unable to resolve location: Dona Paula Beach
Processing 627/638: Coco Beach
Unable to resolve location: Coco Beach
Processing 628/638: Vagator Beach
Unable to resolve location: Vagator Beach
Processing 629/638: Anjuna Beach
Unable to resolve location: Anjuna Beach
Processing 630/638: Baga Beach
Unable to resolve location: Baga Beach
Processing 631/638: Calangute Beach
Unable to resolve location: Calangute Beach
Processing 632/638: Shettihalli Church
Unable to resolve location: Shettihalli Church
Processing 633/638: Yelagiri
Unable to resolve location: Yelagiri
Processing 634/638: Talakad
Unable to resolve location: Talakad
Processing 635/638: B.R.Hills
Unable to resolve location: B.R.Hills
Processing 636/638: Tala Kaveri
Unable to resolve location: Tala Kaveri
Processing 637/638: Mandalpatti
Unable to resolve location: Mandalpatti
Processing 638/638: Nandi Betta (Karnataka)
Unable to resolve location: Nandi Betta (Karnataka)
Enrichment complete. Wrote 0 items to D:\MainRepository\Code\Ride Destinations\frontend\public\data\locations.json
